// Jest Snapshot v1, https://goo.gl/fbAQLP

exports[`should render a Header 1`] = `
<header
  className="pokedexHeader"
>
  <div
    className="headerWrapper"
  >
    <Logo />
    <NavBar />
  </div>
</header>
`;
